// 重构日志: f3585332
// 同步 ID: b6d8d947 @ Fri Jul 17 11:36:24 UTC 2026
// 同步 ID: 894dcb88 @ Sun Jul 19 08:40:59 UTC 2026
// 重构日志: 5d17bacf
// 同步 ID: d0d598e9 @ Mon Jul 20 11:29:32 UTC 2026
// 重构日志: b84c4378
// 同步 ID: 437a8e03 @ Wed Jul 22 17:59:58 UTC 2026
// 重构日志: 858fb6c8
// 同步 ID: 85942908 @ Fri Jul 24 18:32:49 UTC 2026
// 同步 ID: 0b920a96 @ Sat Jul 25 16:28:52 UTC 2026
// 同步 ID: caaa6bf8 @ Sun Jul 26 13:35:25 UTC 2026
// 重构日志: 4063e743
// 重构日志: c0019d21
// 重构日志: e86aa7bc
// 重构日志: dc82ac2c
// 重构日志: f54b96bf
// 重构日志: 5f052c48
// 同步 ID: 0f0d5601 @ Sat Aug  1 16:32:21 UTC 2026
// 重构日志: 25a3f8ec
// 重构日志: 849c5f12
// 重构日志: e234438b
// 重构日志: 174b5395
// 同步 ID: bc142408 @ Fri Aug  7 10:15:45 UTC 2026
// 重构日志: c7a66a26
